Using generated target files in: build/zcu104
Board info: Row Hammer Tester SoC on xczu7ev-ffvc1156-2-i, git: 2ab8a67fa2f2c588fdb05145d5d1a7ddbde4a412 2026-09-16 17:29:22

Preparing ...
WARNING: only single word patterns supported, using: 0xaaaaaaaa

Filling memory with data ...

Verifying written memory ...
OK

Running Rowhammer attacks ...
read_count: 10000
  Iter 1 / 1 Rows = (0, 2), Count =  0.00M /  0.01M  
  Iter 1 / 1 Rows = (0, 2), Count =  0.01M /  0.01M  

Verifying attacked memory ...
OK

Preparing ...
WARNING: only single word patterns supported, using: 0xaaaaaaaa

Filling memory with data ...

Verifying written memory ...
OK

Running Rowhammer attacks ...
read_count: 10000
  Iter 1 / 1 Rows = (1, 3), Count =  0.00M /  0.01M  
  Iter 1 / 1 Rows = (1, 3), Count =  0.01M /  0.01M  

Verifying attacked memory ...
OK

Preparing ...
WARNING: only single word patterns supported, using: 0xaaaaaaaa

Filling memory with data ...

Verifying written memory ...
OK

Running Rowhammer attacks ...
read_count: 10000
  Iter 1 / 1 Rows = (2, 4), Count =  0.00M /  0.01M  
  Iter 1 / 1 Rows = (2, 4), Count =  0.01M /  0.01M  

Verifying attacked memory ...
OK

Preparing ...
WARNING: only single word patterns supported, using: 0xaaaaaaaa

Filling memory with data ...

Verifying written memory ...
OK

Running Rowhammer attacks ...
read_count: 10000
  Iter 1 / 1 Rows = (3, 5), Count =  0.00M /  0.01M  
  Iter 1 / 1 Rows = (3, 5), Count =  0.01M /  0.01M  

Verifying attacked memory ...
OK

Preparing ...
WARNING: only single word patterns supported, using: 0xaaaaaaaa

Filling memory with data ...

Verifying written memory ...
OK

Running Rowhammer attacks ...
read_count: 10000
  Iter 1 / 1 Rows = (4, 6), Count =  0.00M /  0.01M  
  Iter 1 / 1 Rows = (4, 6), Count =  0.01M /  0.01M  

Verifying attacked memory ...
OK

Preparing ...
WARNING: only single word patterns supported, using: 0xaaaaaaaa

Filling memory with data ...

Verifying written memory ...
OK

Running Rowhammer attacks ...
read_count: 10000
  Iter 1 / 1 Rows = (5, 7), Count =  0.00M /  0.01M  
  Iter 1 / 1 Rows = (5, 7), Count =  0.01M /  0.01M  

Verifying attacked memory ...
OK

Preparing ...
WARNING: only single word patterns supported, using: 0xaaaaaaaa

Filling memory with data ...

Verifying written memory ...
OK

Running Rowhammer attacks ...
read_count: 10000
  Iter 1 / 1 Rows = (6, 8), Count =  0.00M /  0.01M  
  Iter 1 / 1 Rows = (6, 8), Count =  0.01M /  0.01M  

Verifying attacked memory ...
OK

Preparing ...
WARNING: only single word patterns supported, using: 0xaaaaaaaa

Filling memory with data ...

Verifying written memory ...
OK

Running Rowhammer attacks ...
read_count: 10000
  Iter 1 / 1 Rows = (7, 9), Count =  0.00M /  0.01M  
  Iter 1 / 1 Rows = (7, 9), Count =  0.01M /  0.01M  

Verifying attacked memory ...
OK

Preparing ...
WARNING: only single word patterns supported, using: 0xaaaaaaaa

Filling memory with data ...

Verifying written memory ...
OK

Running Rowhammer attacks ...
read_count: 10000
  Iter 1 / 1 Rows = (8, 10), Count =  0.00M /  0.01M  
  Iter 1 / 1 Rows = (8, 10), Count =  0.01M /  0.01M  

Verifying attacked memory ...
OK

Preparing ...
WARNING: only single word patterns supported, using: 0xaaaaaaaa

Filling memory with data ...

Verifying written memory ...
OK

Running Rowhammer attacks ...
read_count: 10000
  Iter 1 / 1 Rows = (9, 11), Count =  0.00M /  0.01M  
  Iter 1 / 1 Rows = (9, 11), Count =  0.01M /  0.01M  

Verifying attacked memory ...
OK

Preparing ...
WARNING: only single word patterns supported, using: 0xaaaaaaaa

Filling memory with data ...

Verifying written memory ...
OK

Running Rowhammer attacks ...
read_count: 10000
  Iter 1 / 1 Rows = (10, 12), Count =  0.00M /  0.01M  
  Iter 1 / 1 Rows = (10, 12), Count =  0.01M /  0.01M  

Verifying attacked memory ...
OK

Preparing ...
WARNING: only single word patterns supported, using: 0xaaaaaaaa

Filling memory with data ...

Verifying written memory ...
OK

Running Rowhammer attacks ...
read_count: 10000
  Iter 1 / 1 Rows = (11, 13), Count =  0.00M /  0.01M  
  Iter 1 / 1 Rows = (11, 13), Count =  0.01M /  0.01M  

Verifying attacked memory ...
OK

Preparing ...
WARNING: only single word patterns supported, using: 0xaaaaaaaa

Filling memory with data ...

Verifying written memory ...
OK

Running Rowhammer attacks ...
read_count: 10000
  Iter 1 / 1 Rows = (12, 14), Count =  0.00M /  0.01M  
  Iter 1 / 1 Rows = (12, 14), Count =  0.01M /  0.01M  

Verifying attacked memory ...
OK

Preparing ...
WARNING: only single word patterns supported, using: 0xaaaaaaaa

Filling memory with data ...

Verifying written memory ...
OK

Running Rowhammer attacks ...
read_count: 10000
  Iter 1 / 1 Rows = (13, 15), Count =  0.00M /  0.01M  
  Iter 1 / 1 Rows = (13, 15), Count =  0.01M /  0.01M  

Verifying attacked memory ...
OK

Preparing ...
WARNING: only single word patterns supported, using: 0xaaaaaaaa

Filling memory with data ...

Verifying written memory ...
OK

Running Rowhammer attacks ...
read_count: 10000
  Iter 1 / 1 Rows = (14, 16), Count =  0.00M /  0.01M  
  Iter 1 / 1 Rows = (14, 16), Count =  0.01M /  0.01M  

Verifying attacked memory ...
OK

Preparing ...
WARNING: only single word patterns supported, using: 0xaaaaaaaa

Filling memory with data ...

Verifying written memory ...
OK

Running Rowhammer attacks ...
read_count: 10000
  Iter 1 / 1 Rows = (15, 17), Count =  0.00M /  0.01M  
  Iter 1 / 1 Rows = (15, 17), Count =  0.01M /  0.01M  

Verifying attacked memory ...
OK

Preparing ...
WARNING: only single word patterns supported, using: 0xaaaaaaaa

Filling memory with data ...

Verifying written memory ...
OK

Running Rowhammer attacks ...
read_count: 10000
  Iter 1 / 1 Rows = (16, 18), Count =  0.00M /  0.01M  
  Iter 1 / 1 Rows = (16, 18), Count =  0.01M /  0.01M  

Verifying attacked memory ...
OK

Preparing ...
WARNING: only single word patterns supported, using: 0xaaaaaaaa

Filling memory with data ...

Verifying written memory ...
OK

Running Rowhammer attacks ...
read_count: 10000
  Iter 1 / 1 Rows = (17, 19), Count =  0.00M /  0.01M  
  Iter 1 / 1 Rows = (17, 19), Count =  0.01M /  0.01M  

Verifying attacked memory ...
OK

Preparing ...
WARNING: only single word patterns supported, using: 0xaaaaaaaa

Filling memory with data ...

Verifying written memory ...
OK

Running Rowhammer attacks ...
read_count: 10000
  Iter 1 / 1 Rows = (18, 20), Count =  0.00M /  0.01M  
  Iter 1 / 1 Rows = (18, 20), Count =  0.01M /  0.01M  

Verifying attacked memory ...
OK

Preparing ...
WARNING: only single word patterns supported, using: 0xaaaaaaaa

Filling memory with data ...

Verifying written memory ...
OK

Running Rowhammer attacks ...
read_count: 10000
  Iter 1 / 1 Rows = (19, 21), Count =  0.00M /  0.01M  
  Iter 1 / 1 Rows = (19, 21), Count =  0.01M /  0.01M  

Verifying attacked memory ...
OK

Preparing ...
WARNING: only single word patterns supported, using: 0xaaaaaaaa

Filling memory with data ...

Verifying written memory ...
OK

Running Rowhammer attacks ...
read_count: 10000
  Iter 1 / 1 Rows = (20, 22), Count =  0.00M /  0.01M  
  Iter 1 / 1 Rows = (20, 22), Count =  0.01M /  0.01M  

Verifying attacked memory ...
OK

Preparing ...
WARNING: only single word patterns supported, using: 0xaaaaaaaa

Filling memory with data ...

Verifying written memory ...
OK

Running Rowhammer attacks ...
read_count: 10000
  Iter 1 / 1 Rows = (21, 23), Count =  0.00M /  0.01M  
  Iter 1 / 1 Rows = (21, 23), Count =  0.01M /  0.01M  

Verifying attacked memory ...
OK

Preparing ...
WARNING: only single word patterns supported, using: 0xaaaaaaaa

Filling memory with data ...

Verifying written memory ...
OK

Running Rowhammer attacks ...
read_count: 10000
  Iter 1 / 1 Rows = (22, 24), Count =  0.00M /  0.01M  
  Iter 1 / 1 Rows = (22, 24), Count =  0.01M /  0.01M  

Verifying attacked memory ...
OK

Preparing ...
WARNING: only single word patterns supported, using: 0xaaaaaaaa

Filling memory with data ...

Verifying written memory ...
OK

Running Rowhammer attacks ...
read_count: 10000
  Iter 1 / 1 Rows = (23, 25), Count =  0.00M /  0.01M  
  Iter 1 / 1 Rows = (23, 25), Count =  0.01M /  0.01M  

Verifying attacked memory ...
OK

Preparing ...
WARNING: only single word patterns supported, using: 0xaaaaaaaa

Filling memory with data ...

Verifying written memory ...
OK

Running Rowhammer attacks ...
read_count: 10000
  Iter 1 / 1 Rows = (24, 26), Count =  0.00M /  0.01M  
  Iter 1 / 1 Rows = (24, 26), Count =  0.01M /  0.01M  

Verifying attacked memory ...
OK

Preparing ...
WARNING: only single word patterns supported, using: 0xaaaaaaaa

Filling memory with data ...

Verifying written memory ...
OK

Running Rowhammer attacks ...
read_count: 10000
  Iter 1 / 1 Rows = (25, 27), Count =  0.00M /  0.01M  
  Iter 1 / 1 Rows = (25, 27), Count =  0.01M /  0.01M  

Verifying attacked memory ...
OK

Preparing ...
WARNING: only single word patterns supported, using: 0xaaaaaaaa

Filling memory with data ...

Verifying written memory ...
OK

Running Rowhammer attacks ...
read_count: 10000
  Iter 1 / 1 Rows = (26, 28), Count =  0.00M /  0.01M  
  Iter 1 / 1 Rows = (26, 28), Count =  0.01M /  0.01M  

Verifying attacked memory ...
OK

Preparing ...
WARNING: only single word patterns supported, using: 0xaaaaaaaa

Filling memory with data ...

Verifying written memory ...
OK

Running Rowhammer attacks ...
read_count: 10000
  Iter 1 / 1 Rows = (27, 29), Count =  0.00M /  0.01M  
  Iter 1 / 1 Rows = (27, 29), Count =  0.01M /  0.01M  

Verifying attacked memory ...
OK

Preparing ...
WARNING: only single word patterns supported, using: 0xaaaaaaaa

Filling memory with data ...

Verifying written memory ...
OK

Running Rowhammer attacks ...
read_count: 10000
  Iter 1 / 1 Rows = (28, 30), Count =  0.00M /  0.01M  
  Iter 1 / 1 Rows = (28, 30), Count =  0.01M /  0.01M  

Verifying attacked memory ...
OK

Preparing ...
WARNING: only single word patterns supported, using: 0xaaaaaaaa

Filling memory with data ...

Verifying written memory ...
OK

Running Rowhammer attacks ...
read_count: 10000
  Iter 1 / 1 Rows = (29, 31), Count =  0.00M /  0.01M  
  Iter 1 / 1 Rows = (29, 31), Count =  0.01M /  0.01M  

Verifying attacked memory ...
OK

Preparing ...
WARNING: only single word patterns supported, using: 0xaaaaaaaa

Filling memory with data ...

Verifying written memory ...
OK

Running Rowhammer attacks ...
read_count: 10000
  Iter 1 / 1 Rows = (30, 32), Count =  0.00M /  0.01M  
  Iter 1 / 1 Rows = (30, 32), Count =  0.01M /  0.01M  

Verifying attacked memory ...
OK

Preparing ...
WARNING: only single word patterns supported, using: 0xaaaaaaaa

Filling memory with data ...

Verifying written memory ...
OK

Running Rowhammer attacks ...
read_count: 10000
  Iter 1 / 1 Rows = (31, 33), Count =  0.00M /  0.01M  
  Iter 1 / 1 Rows = (31, 33), Count =  0.01M /  0.01M  

Verifying attacked memory ...
OK

Preparing ...
WARNING: only single word patterns supported, using: 0xaaaaaaaa

Filling memory with data ...

Verifying written memory ...
OK

Running Rowhammer attacks ...
read_count: 10000
  Iter 1 / 1 Rows = (32, 34), Count =  0.00M /  0.01M  
  Iter 1 / 1 Rows = (32, 34), Count =  0.01M /  0.01M  

Verifying attacked memory ...
OK

Preparing ...
WARNING: only single word patterns supported, using: 0xaaaaaaaa

Filling memory with data ...

Verifying written memory ...
OK

Running Rowhammer attacks ...
read_count: 10000
  Iter 1 / 1 Rows = (33, 35), Count =  0.00M /  0.01M  
  Iter 1 / 1 Rows = (33, 35), Count =  0.01M /  0.01M  

Verifying attacked memory ...
OK

Preparing ...
WARNING: only single word patterns supported, using: 0xaaaaaaaa

Filling memory with data ...

Verifying written memory ...
OK

Running Rowhammer attacks ...
read_count: 10000
  Iter 1 / 1 Rows = (34, 36), Count =  0.00M /  0.01M  
  Iter 1 / 1 Rows = (34, 36), Count =  0.01M /  0.01M  

Verifying attacked memory ...
OK

Preparing ...
WARNING: only single word patterns supported, using: 0xaaaaaaaa

Filling memory with data ...

Verifying written memory ...
OK

Running Rowhammer attacks ...
read_count: 10000
  Iter 1 / 1 Rows = (35, 37), Count =  0.00M /  0.01M  
  Iter 1 / 1 Rows = (35, 37), Count =  0.01M /  0.01M  

Verifying attacked memory ...
OK

Preparing ...
WARNING: only single word patterns supported, using: 0xaaaaaaaa

Filling memory with data ...

Verifying written memory ...
OK

Running Rowhammer attacks ...
read_count: 10000
  Iter 1 / 1 Rows = (36, 38), Count =  0.00M /  0.01M  
  Iter 1 / 1 Rows = (36, 38), Count =  0.01M /  0.01M  

Verifying attacked memory ...
OK

Preparing ...
WARNING: only single word patterns supported, using: 0xaaaaaaaa

Filling memory with data ...

Verifying written memory ...
OK

Running Rowhammer attacks ...
read_count: 10000
  Iter 1 / 1 Rows = (37, 39), Count =  0.00M /  0.01M  
  Iter 1 / 1 Rows = (37, 39), Count =  0.01M /  0.01M  

Verifying attacked memory ...
OK

Preparing ...
WARNING: only single word patterns supported, using: 0xaaaaaaaa

Filling memory with data ...

Verifying written memory ...
OK

Running Rowhammer attacks ...
read_count: 10000
  Iter 1 / 1 Rows = (38, 40), Count =  0.01M /  0.01M  

Verifying attacked memory ...
OK

Preparing ...
WARNING: only single word patterns supported, using: 0xaaaaaaaa

Filling memory with data ...

Verifying written memory ...
OK

Running Rowhammer attacks ...
read_count: 10000
  Iter 1 / 1 Rows = (39, 41), Count =  0.00M /  0.01M  
  Iter 1 / 1 Rows = (39, 41), Count =  0.01M /  0.01M  

Verifying attacked memory ...
OK

Preparing ...
WARNING: only single word patterns supported, using: 0xaaaaaaaa

Filling memory with data ...

Verifying written memory ...
OK

Running Rowhammer attacks ...
read_count: 10000
  Iter 1 / 1 Rows = (40, 42), Count =  0.00M /  0.01M  
  Iter 1 / 1 Rows = (40, 42), Count =  0.01M /  0.01M  

Verifying attacked memory ...
OK

Preparing ...
WARNING: only single word patterns supported, using: 0xaaaaaaaa

Filling memory with data ...

Verifying written memory ...
OK

Running Rowhammer attacks ...
read_count: 10000
  Iter 1 / 1 Rows = (41, 43), Count =  0.00M /  0.01M  
  Iter 1 / 1 Rows = (41, 43), Count =  0.01M /  0.01M  

Verifying attacked memory ...
OK

Preparing ...
WARNING: only single word patterns supported, using: 0xaaaaaaaa

Filling memory with data ...

Verifying written memory ...
OK

Running Rowhammer attacks ...
read_count: 10000
  Iter 1 / 1 Rows = (42, 44), Count =  0.00M /  0.01M  
  Iter 1 / 1 Rows = (42, 44), Count =  0.01M /  0.01M  

Verifying attacked memory ...
OK

Preparing ...
WARNING: only single word patterns supported, using: 0xaaaaaaaa

Filling memory with data ...

Verifying written memory ...
OK

Running Rowhammer attacks ...
read_count: 10000
  Iter 1 / 1 Rows = (43, 45), Count =  0.00M /  0.01M  
  Iter 1 / 1 Rows = (43, 45), Count =  0.01M /  0.01M  

Verifying attacked memory ...
OK

Preparing ...
WARNING: only single word patterns supported, using: 0xaaaaaaaa

Filling memory with data ...

Verifying written memory ...
OK

Running Rowhammer attacks ...
read_count: 10000
  Iter 1 / 1 Rows = (44, 46), Count =  0.00M /  0.01M  
  Iter 1 / 1 Rows = (44, 46), Count =  0.01M /  0.01M  

Verifying attacked memory ...
OK

Preparing ...
WARNING: only single word patterns supported, using: 0xaaaaaaaa

Filling memory with data ...

Verifying written memory ...
OK

Running Rowhammer attacks ...
read_count: 10000
  Iter 1 / 1 Rows = (45, 47), Count =  0.00M /  0.01M  
  Iter 1 / 1 Rows = (45, 47), Count =  0.01M /  0.01M  

Verifying attacked memory ...
OK

Preparing ...
WARNING: only single word patterns supported, using: 0xaaaaaaaa

Filling memory with data ...

Verifying written memory ...
OK

Running Rowhammer attacks ...
read_count: 10000
  Iter 1 / 1 Rows = (46, 48), Count =  0.00M /  0.01M  
  Iter 1 / 1 Rows = (46, 48), Count =  0.01M /  0.01M  

Verifying attacked memory ...
OK

Preparing ...
WARNING: only single word patterns supported, using: 0xaaaaaaaa

Filling memory with data ...

Verifying written memory ...
OK

Running Rowhammer attacks ...
read_count: 10000
  Iter 1 / 1 Rows = (47, 49), Count =  0.00M /  0.01M  
  Iter 1 / 1 Rows = (47, 49), Count =  0.01M /  0.01M  

Verifying attacked memory ...
OK

Preparing ...
WARNING: only single word patterns supported, using: 0xaaaaaaaa

Filling memory with data ...

Verifying written memory ...
OK

Running Rowhammer attacks ...
read_count: 10000
  Iter 1 / 1 Rows = (48, 50), Count =  0.00M /  0.01M  
  Iter 1 / 1 Rows = (48, 50), Count =  0.01M /  0.01M  

Verifying attacked memory ...
OK

Preparing ...
WARNING: only single word patterns supported, using: 0xaaaaaaaa

Filling memory with data ...

Verifying written memory ...
OK

Running Rowhammer attacks ...
read_count: 10000
  Iter 1 / 1 Rows = (49, 51), Count =  0.00M /  0.01M  
  Iter 1 / 1 Rows = (49, 51), Count =  0.01M /  0.01M  

Verifying attacked memory ...
OK

Preparing ...
WARNING: only single word patterns supported, using: 0xaaaaaaaa

Filling memory with data ...

Verifying written memory ...
OK

Running Rowhammer attacks ...
read_count: 10000
  Iter 1 / 1 Rows = (50, 52), Count =  0.00M /  0.01M  
  Iter 1 / 1 Rows = (50, 52), Count =  0.01M /  0.01M  

Verifying attacked memory ...
OK

Preparing ...
WARNING: only single word patterns supported, using: 0xaaaaaaaa

Filling memory with data ...

Verifying written memory ...
OK

Running Rowhammer attacks ...
read_count: 10000
  Iter 1 / 1 Rows = (51, 53), Count =  0.00M /  0.01M  
  Iter 1 / 1 Rows = (51, 53), Count =  0.01M /  0.01M  

Verifying attacked memory ...
OK

Preparing ...
WARNING: only single word patterns supported, using: 0xaaaaaaaa

Filling memory with data ...

Verifying written memory ...
OK

Running Rowhammer attacks ...
read_count: 10000
  Iter 1 / 1 Rows = (52, 54), Count =  0.00M /  0.01M  
  Iter 1 / 1 Rows = (52, 54), Count =  0.01M /  0.01M  

Verifying attacked memory ...
OK

Preparing ...
WARNING: only single word patterns supported, using: 0xaaaaaaaa

Filling memory with data ...

Verifying written memory ...
OK

Running Rowhammer attacks ...
read_count: 10000
  Iter 1 / 1 Rows = (53, 55), Count =  0.00M /  0.01M  
  Iter 1 / 1 Rows = (53, 55), Count =  0.01M /  0.01M  

Verifying attacked memory ...
OK

Preparing ...
WARNING: only single word patterns supported, using: 0xaaaaaaaa

Filling memory with data ...

Verifying written memory ...
OK

Running Rowhammer attacks ...
read_count: 10000
  Iter 1 / 1 Rows = (54, 56), Count =  0.01M /  0.01M  

Verifying attacked memory ...
OK

Preparing ...
WARNING: only single word patterns supported, using: 0xaaaaaaaa

Filling memory with data ...

Verifying written memory ...
OK

Running Rowhammer attacks ...
read_count: 10000
  Iter 1 / 1 Rows = (55, 57), Count =  0.00M /  0.01M  
  Iter 1 / 1 Rows = (55, 57), Count =  0.01M /  0.01M  

Verifying attacked memory ...
OK

Preparing ...
WARNING: only single word patterns supported, using: 0xaaaaaaaa

Filling memory with data ...

Verifying written memory ...
OK

Running Rowhammer attacks ...
read_count: 10000
  Iter 1 / 1 Rows = (56, 58), Count =  0.00M /  0.01M  
  Iter 1 / 1 Rows = (56, 58), Count =  0.01M /  0.01M  

Verifying attacked memory ...
OK

Preparing ...
WARNING: only single word patterns supported, using: 0xaaaaaaaa

Filling memory with data ...

Verifying written memory ...
OK

Running Rowhammer attacks ...
read_count: 10000
  Iter 1 / 1 Rows = (57, 59), Count =  0.00M /  0.01M  
  Iter 1 / 1 Rows = (57, 59), Count =  0.01M /  0.01M  

Verifying attacked memory ...
OK

Preparing ...
WARNING: only single word patterns supported, using: 0xaaaaaaaa

Filling memory with data ...

Verifying written memory ...
OK

Running Rowhammer attacks ...
read_count: 10000
  Iter 1 / 1 Rows = (58, 60), Count =  0.00M /  0.01M  
  Iter 1 / 1 Rows = (58, 60), Count =  0.01M /  0.01M  

Verifying attacked memory ...
OK

Preparing ...
WARNING: only single word patterns supported, using: 0xaaaaaaaa

Filling memory with data ...

Verifying written memory ...
OK

Running Rowhammer attacks ...
read_count: 10000
  Iter 1 / 1 Rows = (59, 61), Count =  0.00M /  0.01M  
  Iter 1 / 1 Rows = (59, 61), Count =  0.01M /  0.01M  

Verifying attacked memory ...
OK

Preparing ...
WARNING: only single word patterns supported, using: 0xaaaaaaaa

Filling memory with data ...

Verifying written memory ...
OK

Running Rowhammer attacks ...
read_count: 10000
  Iter 1 / 1 Rows = (60, 62), Count =  0.00M /  0.01M  
  Iter 1 / 1 Rows = (60, 62), Count =  0.01M /  0.01M  

Verifying attacked memory ...
OK

Preparing ...
WARNING: only single word patterns supported, using: 0xaaaaaaaa

Filling memory with data ...

Verifying written memory ...
OK

Running Rowhammer attacks ...
read_count: 10000
  Iter 1 / 1 Rows = (61, 63), Count =  0.00M /  0.01M  
  Iter 1 / 1 Rows = (61, 63), Count =  0.01M /  0.01M  

Verifying attacked memory ...
OK

Preparing ...
WARNING: only single word patterns supported, using: 0xaaaaaaaa

Filling memory with data ...

Verifying written memory ...
OK

Running Rowhammer attacks ...
read_count: 10000
  Iter 1 / 1 Rows = (62, 64), Count =  0.00M /  0.01M  
  Iter 1 / 1 Rows = (62, 64), Count =  0.01M /  0.01M  

Verifying attacked memory ...
OK

Preparing ...
WARNING: only single word patterns supported, using: 0xaaaaaaaa

Filling memory with data ...

Verifying written memory ...
OK

Running Rowhammer attacks ...
read_count: 10000
  Iter 1 / 1 Rows = (63, 65), Count =  0.00M /  0.01M  
  Iter 1 / 1 Rows = (63, 65), Count =  0.01M /  0.01M  

Verifying attacked memory ...
OK

Preparing ...
WARNING: only single word patterns supported, using: 0xaaaaaaaa

Filling memory with data ...

Verifying written memory ...
OK

Running Rowhammer attacks ...
read_count: 10000
  Iter 1 / 1 Rows = (64, 66), Count =  0.00M /  0.01M  
  Iter 1 / 1 Rows = (64, 66), Count =  0.01M /  0.01M  

Verifying attacked memory ...
OK

Preparing ...
WARNING: only single word patterns supported, using: 0xaaaaaaaa

Filling memory with data ...

Verifying written memory ...
OK

Running Rowhammer attacks ...
read_count: 10000
  Iter 1 / 1 Rows = (65, 67), Count =  0.00M /  0.01M  
  Iter 1 / 1 Rows = (65, 67), Count =  0.01M /  0.01M  

Verifying attacked memory ...
OK

Preparing ...
WARNING: only single word patterns supported, using: 0xaaaaaaaa

Filling memory with data ...

Verifying written memory ...
OK

Running Rowhammer attacks ...
read_count: 10000
  Iter 1 / 1 Rows = (66, 68), Count =  0.00M /  0.01M  
  Iter 1 / 1 Rows = (66, 68), Count =  0.01M /  0.01M  

Verifying attacked memory ...
OK

Preparing ...
WARNING: only single word patterns supported, using: 0xaaaaaaaa

Filling memory with data ...

Verifying written memory ...
OK

Running Rowhammer attacks ...
read_count: 10000
  Iter 1 / 1 Rows = (67, 69), Count =  0.00M /  0.01M  
  Iter 1 / 1 Rows = (67, 69), Count =  0.01M /  0.01M  

Verifying attacked memory ...
OK

Preparing ...
WARNING: only single word patterns supported, using: 0xaaaaaaaa

Filling memory with data ...

Verifying written memory ...
OK

Running Rowhammer attacks ...
read_count: 10000
  Iter 1 / 1 Rows = (68, 70), Count =  0.00M /  0.01M  
  Iter 1 / 1 Rows = (68, 70), Count =  0.01M /  0.01M  

Verifying attacked memory ...
OK

Preparing ...
WARNING: only single word patterns supported, using: 0xaaaaaaaa

Filling memory with data ...

Verifying written memory ...
OK

Running Rowhammer attacks ...
read_count: 10000
  Iter 1 / 1 Rows = (69, 71), Count =  0.00M /  0.01M  
  Iter 1 / 1 Rows = (69, 71), Count =  0.01M /  0.01M  

Verifying attacked memory ...
OK

Preparing ...
WARNING: only single word patterns supported, using: 0xaaaaaaaa

Filling memory with data ...

Verifying written memory ...
OK

Running Rowhammer attacks ...
read_count: 10000
  Iter 1 / 1 Rows = (70, 72), Count =  0.00M /  0.01M  
  Iter 1 / 1 Rows = (70, 72), Count =  0.01M /  0.01M  

Verifying attacked memory ...
OK

Preparing ...
WARNING: only single word patterns supported, using: 0xaaaaaaaa

Filling memory with data ...

Verifying written memory ...
OK

Running Rowhammer attacks ...
read_count: 10000
  Iter 1 / 1 Rows = (71, 73), Count =  0.00M /  0.01M  
  Iter 1 / 1 Rows = (71, 73), Count =  0.01M /  0.01M  

Verifying attacked memory ...
OK

Preparing ...
WARNING: only single word patterns supported, using: 0xaaaaaaaa

Filling memory with data ...

Verifying written memory ...
OK

Running Rowhammer attacks ...
read_count: 10000
  Iter 1 / 1 Rows = (72, 74), Count =  0.00M /  0.01M  
  Iter 1 / 1 Rows = (72, 74), Count =  0.01M /  0.01M  

Verifying attacked memory ...
OK

Preparing ...
WARNING: only single word patterns supported, using: 0xaaaaaaaa

Filling memory with data ...

Verifying written memory ...
OK

Running Rowhammer attacks ...
read_count: 10000
  Iter 1 / 1 Rows = (73, 75), Count =  0.00M /  0.01M  
  Iter 1 / 1 Rows = (73, 75), Count =  0.01M /  0.01M  

Verifying attacked memory ...
OK

Preparing ...
WARNING: only single word patterns supported, using: 0xaaaaaaaa

Filling memory with data ...

Verifying written memory ...
OK

Running Rowhammer attacks ...
read_count: 10000
  Iter 1 / 1 Rows = (74, 76), Count =  0.00M /  0.01M  
  Iter 1 / 1 Rows = (74, 76), Count =  0.01M /  0.01M  

Verifying attacked memory ...
OK

Preparing ...
WARNING: only single word patterns supported, using: 0xaaaaaaaa

Filling memory with data ...

Verifying written memory ...
OK

Running Rowhammer attacks ...
read_count: 10000
  Iter 1 / 1 Rows = (75, 77), Count =  0.00M /  0.01M  
  Iter 1 / 1 Rows = (75, 77), Count =  0.01M /  0.01M  

Verifying attacked memory ...
OK

Preparing ...
WARNING: only single word patterns supported, using: 0xaaaaaaaa

Filling memory with data ...

Verifying written memory ...
OK

Running Rowhammer attacks ...
read_count: 10000
  Iter 1 / 1 Rows = (76, 78), Count =  0.00M /  0.01M  
  Iter 1 / 1 Rows = (76, 78), Count =  0.01M /  0.01M  

Verifying attacked memory ...
OK

Preparing ...
WARNING: only single word patterns supported, using: 0xaaaaaaaa

Filling memory with data ...

Verifying written memory ...
OK

Running Rowhammer attacks ...
read_count: 10000
  Iter 1 / 1 Rows = (77, 79), Count =  0.00M /  0.01M  
  Iter 1 / 1 Rows = (77, 79), Count =  0.01M /  0.01M  

Verifying attacked memory ...
OK

Preparing ...
WARNING: only single word patterns supported, using: 0xaaaaaaaa

Filling memory with data ...

Verifying written memory ...
OK

Running Rowhammer attacks ...
read_count: 10000
  Iter 1 / 1 Rows = (78, 80), Count =  0.00M /  0.01M  
  Iter 1 / 1 Rows = (78, 80), Count =  0.01M /  0.01M  

Verifying attacked memory ...
OK

Preparing ...
WARNING: only single word patterns supported, using: 0xaaaaaaaa

Filling memory with data ...

Verifying written memory ...
OK

Running Rowhammer attacks ...
read_count: 10000
  Iter 1 / 1 Rows = (79, 81), Count =  0.00M /  0.01M  
  Iter 1 / 1 Rows = (79, 81), Count =  0.01M /  0.01M  

Verifying attacked memory ...
OK

Preparing ...
WARNING: only single word patterns supported, using: 0xaaaaaaaa

Filling memory with data ...

Verifying written memory ...
OK

Running Rowhammer attacks ...
read_count: 10000
  Iter 1 / 1 Rows = (80, 82), Count =  0.00M /  0.01M  
  Iter 1 / 1 Rows = (80, 82), Count =  0.01M /  0.01M  

Verifying attacked memory ...
OK

Preparing ...
WARNING: only single word patterns supported, using: 0xaaaaaaaa

Filling memory with data ...

Verifying written memory ...
OK

Running Rowhammer attacks ...
read_count: 10000
  Iter 1 / 1 Rows = (81, 83), Count =  0.00M /  0.01M  
  Iter 1 / 1 Rows = (81, 83), Count =  0.01M /  0.01M  

Verifying attacked memory ...
OK

Preparing ...
WARNING: only single word patterns supported, using: 0xaaaaaaaa

Filling memory with data ...

Verifying written memory ...
OK

Running Rowhammer attacks ...
read_count: 10000
  Iter 1 / 1 Rows = (82, 84), Count =  0.00M /  0.01M  
  Iter 1 / 1 Rows = (82, 84), Count =  0.01M /  0.01M  

Verifying attacked memory ...
OK

Preparing ...
WARNING: only single word patterns supported, using: 0xaaaaaaaa

Filling memory with data ...

Verifying written memory ...
OK

Running Rowhammer attacks ...
read_count: 10000
  Iter 1 / 1 Rows = (83, 85), Count =  0.00M /  0.01M  
  Iter 1 / 1 Rows = (83, 85), Count =  0.01M /  0.01M  

Verifying attacked memory ...
OK

Preparing ...
WARNING: only single word patterns supported, using: 0xaaaaaaaa

Filling memory with data ...

Verifying written memory ...
OK

Running Rowhammer attacks ...
read_count: 10000
  Iter 1 / 1 Rows = (84, 86), Count =  0.00M /  0.01M  
  Iter 1 / 1 Rows = (84, 86), Count =  0.01M /  0.01M  

Verifying attacked memory ...
OK

Preparing ...
WARNING: only single word patterns supported, using: 0xaaaaaaaa

Filling memory with data ...

Verifying written memory ...
OK

Running Rowhammer attacks ...
read_count: 10000
  Iter 1 / 1 Rows = (85, 87), Count =  0.00M /  0.01M  
  Iter 1 / 1 Rows = (85, 87), Count =  0.01M /  0.01M  

Verifying attacked memory ...
OK

Preparing ...
WARNING: only single word patterns supported, using: 0xaaaaaaaa

Filling memory with data ...

Verifying written memory ...
OK

Running Rowhammer attacks ...
read_count: 10000
  Iter 1 / 1 Rows = (86, 88), Count =  0.00M /  0.01M  
  Iter 1 / 1 Rows = (86, 88), Count =  0.01M /  0.01M  

Verifying attacked memory ...
OK

Preparing ...
WARNING: only single word patterns supported, using: 0xaaaaaaaa

Filling memory with data ...

Verifying written memory ...
OK

Running Rowhammer attacks ...
read_count: 10000
  Iter 1 / 1 Rows = (87, 89), Count =  0.00M /  0.01M  
  Iter 1 / 1 Rows = (87, 89), Count =  0.01M /  0.01M  

Verifying attacked memory ...
OK

Preparing ...
WARNING: only single word patterns supported, using: 0xaaaaaaaa

Filling memory with data ...

Verifying written memory ...
OK

Running Rowhammer attacks ...
read_count: 10000
  Iter 1 / 1 Rows = (88, 90), Count =  0.00M /  0.01M  
  Iter 1 / 1 Rows = (88, 90), Count =  0.01M /  0.01M  

Verifying attacked memory ...
OK

Preparing ...
WARNING: only single word patterns supported, using: 0xaaaaaaaa

Filling memory with data ...

Verifying written memory ...
OK

Running Rowhammer attacks ...
read_count: 10000
  Iter 1 / 1 Rows = (89, 91), Count =  0.00M /  0.01M  
  Iter 1 / 1 Rows = (89, 91), Count =  0.01M /  0.01M  

Verifying attacked memory ...
OK

Preparing ...
WARNING: only single word patterns supported, using: 0xaaaaaaaa

Filling memory with data ...

Verifying written memory ...
OK

Running Rowhammer attacks ...
read_count: 10000
  Iter 1 / 1 Rows = (90, 92), Count =  0.00M /  0.01M  
  Iter 1 / 1 Rows = (90, 92), Count =  0.01M /  0.01M  

Verifying attacked memory ...
OK

Preparing ...
WARNING: only single word patterns supported, using: 0xaaaaaaaa

Filling memory with data ...

Verifying written memory ...
OK

Running Rowhammer attacks ...
read_count: 10000
  Iter 1 / 1 Rows = (91, 93), Count =  0.00M /  0.01M  
  Iter 1 / 1 Rows = (91, 93), Count =  0.01M /  0.01M  

Verifying attacked memory ...
OK

Preparing ...
WARNING: only single word patterns supported, using: 0xaaaaaaaa

Filling memory with data ...

Verifying written memory ...
OK

Running Rowhammer attacks ...
read_count: 10000
  Iter 1 / 1 Rows = (92, 94), Count =  0.00M /  0.01M  
  Iter 1 / 1 Rows = (92, 94), Count =  0.01M /  0.01M  

Verifying attacked memory ...
OK

Preparing ...
WARNING: only single word patterns supported, using: 0xaaaaaaaa

Filling memory with data ...

Verifying written memory ...
OK

Running Rowhammer attacks ...
read_count: 10000
  Iter 1 / 1 Rows = (93, 95), Count =  0.00M /  0.01M  
  Iter 1 / 1 Rows = (93, 95), Count =  0.01M /  0.01M  

Verifying attacked memory ...
OK

Preparing ...
WARNING: only single word patterns supported, using: 0xaaaaaaaa

Filling memory with data ...

Verifying written memory ...
OK

Running Rowhammer attacks ...
read_count: 10000
  Iter 1 / 1 Rows = (94, 96), Count =  0.00M /  0.01M  
  Iter 1 / 1 Rows = (94, 96), Count =  0.01M /  0.01M  

Verifying attacked memory ...
OK

Preparing ...
WARNING: only single word patterns supported, using: 0xaaaaaaaa

Filling memory with data ...

Verifying written memory ...
OK

Running Rowhammer attacks ...
read_count: 10000
  Iter 1 / 1 Rows = (95, 97), Count =  0.00M /  0.01M  
  Iter 1 / 1 Rows = (95, 97), Count =  0.01M /  0.01M  

Verifying attacked memory ...
OK

Preparing ...
WARNING: only single word patterns supported, using: 0xaaaaaaaa

Filling memory with data ...

Verifying written memory ...
OK

Running Rowhammer attacks ...
read_count: 10000
  Iter 1 / 1 Rows = (96, 98), Count =  0.00M /  0.01M  
  Iter 1 / 1 Rows = (96, 98), Count =  0.01M /  0.01M  

Verifying attacked memory ...
OK

Preparing ...
WARNING: only single word patterns supported, using: 0xaaaaaaaa

Filling memory with data ...

Verifying written memory ...
OK

Running Rowhammer attacks ...
read_count: 10000
  Iter 1 / 1 Rows = (97, 99), Count =  0.00M /  0.01M  
  Iter 1 / 1 Rows = (97, 99), Count =  0.01M /  0.01M  

Verifying attacked memory ...
OK

Preparing ...
WARNING: only single word patterns supported, using: 0xaaaaaaaa

Filling memory with data ...

Verifying written memory ...
OK

Running Rowhammer attacks ...
read_count: 10000
  Iter 1 / 1 Rows = (98, 100), Count =  0.00M /  0.01M  
  Iter 1 / 1 Rows = (98, 100), Count =  0.01M /  0.01M  

Verifying attacked memory ...
OK

Preparing ...
WARNING: only single word patterns supported, using: 0xaaaaaaaa

Filling memory with data ...

Verifying written memory ...
OK

Running Rowhammer attacks ...
read_count: 10000
  Iter 1 / 1 Rows = (99, 101), Count =  0.00M /  0.01M  
  Iter 1 / 1 Rows = (99, 101), Count =  0.01M /  0.01M  

Verifying attacked memory ...
OK

Preparing ...
WARNING: only single word patterns supported, using: 0xaaaaaaaa

Filling memory with data ...

Verifying written memory ...
OK

Running Rowhammer attacks ...
read_count: 10000
  Iter 1 / 1 Rows = (100, 102), Count =  0.00M /  0.01M  
  Iter 1 / 1 Rows = (100, 102), Count =  0.01M /  0.01M  

Verifying attacked memory ...
OK

Preparing ...
WARNING: only single word patterns supported, using: 0xaaaaaaaa

Filling memory with data ...

Verifying written memory ...
OK

Running Rowhammer attacks ...
read_count: 10000
  Iter 1 / 1 Rows = (101, 103), Count =  0.00M /  0.01M  
  Iter 1 / 1 Rows = (101, 103), Count =  0.01M /  0.01M  

Verifying attacked memory ...
OK

Preparing ...
WARNING: only single word patterns supported, using: 0xaaaaaaaa

Filling memory with data ...

Verifying written memory ...
OK

Running Rowhammer attacks ...
read_count: 10000
  Iter 1 / 1 Rows = (102, 104), Count =  0.00M /  0.01M  
  Iter 1 / 1 Rows = (102, 104), Count =  0.01M /  0.01M  

Verifying attacked memory ...
OK

Preparing ...
WARNING: only single word patterns supported, using: 0xaaaaaaaa

Filling memory with data ...

Verifying written memory ...
OK

Running Rowhammer attacks ...
read_count: 10000
  Iter 1 / 1 Rows = (103, 105), Count =  0.00M /  0.01M  
  Iter 1 / 1 Rows = (103, 105), Count =  0.01M /  0.01M  

Verifying attacked memory ...
OK

Preparing ...
WARNING: only single word patterns supported, using: 0xaaaaaaaa

Filling memory with data ...

Verifying written memory ...
OK

Running Rowhammer attacks ...
read_count: 10000
  Iter 1 / 1 Rows = (104, 106), Count =  0.00M /  0.01M  
  Iter 1 / 1 Rows = (104, 106), Count =  0.01M /  0.01M  

Verifying attacked memory ...
OK

Preparing ...
WARNING: only single word patterns supported, using: 0xaaaaaaaa

Filling memory with data ...

Verifying written memory ...
OK

Running Rowhammer attacks ...
read_count: 10000
  Iter 1 / 1 Rows = (105, 107), Count =  0.00M /  0.01M  
  Iter 1 / 1 Rows = (105, 107), Count =  0.01M /  0.01M  

Verifying attacked memory ...
OK

Preparing ...
WARNING: only single word patterns supported, using: 0xaaaaaaaa

Filling memory with data ...

Verifying written memory ...
OK

Running Rowhammer attacks ...
read_count: 10000
  Iter 1 / 1 Rows = (106, 108), Count =  0.00M /  0.01M  
  Iter 1 / 1 Rows = (106, 108), Count =  0.01M /  0.01M  

Verifying attacked memory ...
OK

Preparing ...
WARNING: only single word patterns supported, using: 0xaaaaaaaa

Filling memory with data ...

Verifying written memory ...
OK

Running Rowhammer attacks ...
read_count: 10000
  Iter 1 / 1 Rows = (107, 109), Count =  0.00M /  0.01M  
  Iter 1 / 1 Rows = (107, 109), Count =  0.01M /  0.01M  

Verifying attacked memory ...
OK

Preparing ...
WARNING: only single word patterns supported, using: 0xaaaaaaaa

Filling memory with data ...

Verifying written memory ...
OK

Running Rowhammer attacks ...
read_count: 10000
  Iter 1 / 1 Rows = (108, 110), Count =  0.00M /  0.01M  
  Iter 1 / 1 Rows = (108, 110), Count =  0.01M /  0.01M  

Verifying attacked memory ...
OK

Preparing ...
WARNING: only single word patterns supported, using: 0xaaaaaaaa

Filling memory with data ...

Verifying written memory ...
OK

Running Rowhammer attacks ...
read_count: 10000
  Iter 1 / 1 Rows = (109, 111), Count =  0.00M /  0.01M  
  Iter 1 / 1 Rows = (109, 111), Count =  0.01M /  0.01M  

Verifying attacked memory ...
